HI-TECH Software C Compiler 

Linker command line:

--edf=C:\Program Files (x86)\HI-TECH Software\PICC\9.82\dat\en_msgs.txt -cs \
  -h+LEDCode.sym -z -w9 --norlf -Q16F84A -MLEDCode.map -ACONST=00h-0FFhx4 \
  -ACODE=00h-03FFh -ASTRCODE=00h-03FFh -AENTRY=00h-0FFhx4 \
  -ASTRING=00h-0FFhx4 -ABANK0=0Ch-04Dh -ARAM=0Ch-04Dh -AABS1=0Ch-04Fh \
  -ACOMMON=04Eh-04Fh -ASFR0=00h-0Bh -ASFR1=080h-0CDh \
  -preset_vec=00h,intentry,init,end_init -ppowerup=CODE -pfunctab=CODE \
  -ACONFIG=02007h-02007h -pconfig=CONFIG -DCONFIG=2 -AIDLOC=02000h-02003h \
  -pidloc=IDLOC -DIDLOC=2 -AEEDATA=00h-03Fh/02100h -peeprom_data=EEDATA \
  -DEEDATA=2 -DCODE=2 -DSTRCODE=2 -DSTRING=2 -DCONST=2 -DENTRY=2 -k \
  startup.obj LEDCode.obj 

Object code version is 3.10

Machine type is 16F84A



                Name                               Link     Load   Length Selector   Space Scale
startup.obj     end_init                              0        0        1        0       0
LEDCode.obj     config                             2007     2007        1     400E       0
                text366                               0        0        1        0       0
                text365                              43       43       44       86       0
                text364                              87       87       4B      10E       0
                text363                               8        8       3B       10       0
                text362                               1        1       14        0       0
                text361                              15       15       1D        0       0
                text360                             127      127       56      24E       0
                text359                              32       32       14        0       0
                text358                              46       46        9        0       0
                text357                              D2       D2       55      1A4       0
                text356                             17D      17D       77      2FA       0
                text355                              4F       4F       21        0       0
                text354                              70       70        D        0       0
                text353                             1F4      1F4       B6      3E8       0
                text352                             2AA      2AA      156      554       0
                maintext                             7D       7D       37        0       0
                cstackBANK0                           C        C       17        C       1
                clrtext                              B4       B4        8        0       0
                bssBANK0                             23       23       16        C       1
                cinit                                 1        1        7        0       0
                strings                              BC       BC       2C        0       0

TOTAL           Name                               Link     Load   Length     Space
        CLASS   CONST          

        CLASS   CODE           
                end_init                              0        0        1         0
                text366                               0        0        1         0
                text365                              43       43       44         0
                text364                              87       87       4B         0
                text363                               8        8       3B         0
                text362                               1        1       14         0
                text361                              15       15       1D         0
                text360                             127      127       56         0
                text359                              32       32       14         0
                text358                              46       46        9         0
                text357                              D2       D2       55         0
                text356                             17D      17D       77         0
                text355                              4F       4F       21         0
                text354                              70       70        D         0
                text353                             1F4      1F4       B6         0
                text352                             2AA      2AA      156         0
                maintext                             7D       7D       37         0
                clrtext                              B4       B4        8         0
                cinit                                 1        1        7         0

        CLASS   STRCODE        

        CLASS   ENTRY          

        CLASS   STRING         
                strings                              BC       BC       2C         0

        CLASS   BANK0          
                cstackBANK0                           C        C       17         1
                bssBANK0                             23       23       16         1

        CLASS   RAM            

        CLASS   ABS1           
                abs_s1                               4E       4E        2         1

        CLASS   COMMON         

        CLASS   SFR0           

        CLASS   SFR1           

        CLASS   CONFIG         
                config                             2007     2007        1         0

        CLASS   IDLOC          

        CLASS   EEDATA         

        CLASS   BANK1          



SEGMENTS        Name                           Load    Length   Top    Selector   Space  Class     Delta

                reset_vec                      000000  000008  000008         0       0  CODE        2
                cstackBANK0                    00000C  00002D  000039         C       1  BANK0       1
                text363                        000008  00003B  000043        10       0  CODE        2
                text365                        000043  000044  000087        86       0  CODE        2
                text364                        000087  00004B  0000D2       10E       0  CODE        2
                text357                        0000D2  000055  000127       1A4       0  CODE        2
                text360                        000127  000056  00017D       24E       0  CODE        2
                text356                        00017D  000077  0001F4       2FA       0  CODE        2
                text353                        0001F4  0000B6  0002AA       3E8       0  CODE        2
                text352                        0002AA  000156  000400       554       0  CODE        2
                config                         002007  000001  002008      400E       0  CONFIG      2


UNUSED ADDRESS RANGES

        Name                Unused          Largest block    Delta
        BANK0            0039-004D             15           1
        EEDATA           2100-213F             40           2
        IDLOC            2000-2003              4           2
        RAM              0039-004D             15           1
        SFR0             0000-000B              C           1
        SFR1             0080-00CD             4E           1

                                  Symbol Table

??_button_direction        cstackCOMMON 0000
??_button_press            cstackCOMMON 0000
??_cabin_call_max          cstackCOMMON 0000
??_cabin_call_min          cstackCOMMON 0000
??_cmd                     cstackCOMMON 0000
??_disp                    cstackCOMMON 0000
??_floor_details           cstackCOMMON 0000
??_initialize              cstackCOMMON 0000
??_nearest_call            cstackCOMMON 0000
??_strlen                  cstackCOMMON 0000
__Habs1                    abs1         0000
__Hbank0                   bank0        0000
__Hbank1                   bank1        0000
__Hcinit                   cinit        0000
__Hclrtext                 clrtext      0000
__Hcode                    code         0000
__Hcommon                  common       0000
__Heeprom_data             eeprom_data  0000
__Hfunctab                 functab      0000
__Hidloc                   idloc        0000
__Hinit                    init         0000
__Hintentry                intentry     0000
__Hmaintext                maintext     0000
__Hpa_nodes                pa_nodes     0000
__Hpowerup                 powerup      0000
__Hram                     ram          0000
__Hreset_vec               reset_vec    0000
__Hsfr0                    sfr0         0000
__Hsfr1                    sfr1         0000
__Hstrings                 strings      0000
__Htext                    text         0000
__Labs1                    abs1         0000
__Lbank0                   bank0        0000
__Lbank1                   bank1        0000
__Lcinit                   cinit        0000
__Lclrtext                 clrtext      0000
__Lcode                    code         0000
__Lcommon                  common       0000
__Leeprom_data             eeprom_data  0000
__Lend_init                end_init     0000
__Lfunctab                 functab      0000
__Lidloc                   idloc        0000
__Linit                    init         0000
__Lintentry                intentry     0000
__Lmaintext                maintext     0000
__Lpa_nodes                pa_nodes     0000
__Lpowerup                 powerup      0000
__Lram                     ram          0000
__Lreset_vec               reset_vec    0000
__Lsfr0                    sfr0         0000
__Lsfr1                    sfr1         0000
__Lstrings                 strings      0000
__Ltext                    text         0000
__S2                       (abs)        0000
__pcstackCOMMON            cstackCOMMON 0000
__ptext351                 text351      0000
__ptext366                 text366      0000
__ptext367                 text367      0000
__size_of_button_direction (abs)        0000
__size_of_button_press     (abs)        0000
__size_of_button_to_floor  (abs)        0000
__size_of_cabin_call_max   (abs)        0000
__size_of_cabin_call_min   (abs)        0000
__size_of_clr_char         (abs)        0000
__size_of_cmd              (abs)        0000
__size_of_disp             (abs)        0000
__size_of_floor_details    (abs)        0000
__size_of_initialize       (abs)        0000
__size_of_main             (abs)        0000
__size_of_moving           (abs)        0000
__size_of_nearest_call     (abs)        0000
__size_of_set_destination  (abs)        0000
__size_of_set_floor        (abs)        0000
__size_of_strlen           (abs)        0000
_disp                      text366      0000
_exit                      init         0000
intlevel0                  functab      0000
intlevel1                  functab      0000
intlevel2                  functab      0000
intlevel3                  functab      0000
intlevel4                  functab      0000
intlevel5                  functab      0000
reset_vec                  reset_vec    0000
start                      init         0000
__Hend_init                end_init     0001
__end_of_disp              text366      0001
__ptext362                 text362      0001
_cabin_call_max            text362      0001
start_initialization       cinit        0001
_PORTA                     (abs)        0005
_PORTB                     (abs)        0006
?_button_direction         cstackBANK0  000C
?_button_press             cstackBANK0  000C
?_button_to_floor          cstackBANK0  000C
?_cabin_call_max           cstackBANK0  000C
?_cabin_call_min           cstackBANK0  000C
?_cmd                      cstackBANK0  000C
?_disp                     cstackBANK0  000C
?_floor_details            cstackBANK0  000C
?_initialize               cstackBANK0  000C
?_main                     cstackBANK0  000C
?_moving                   cstackBANK0  000C
?_nearest_call             cstackBANK0  000C
?_set_destination          cstackBANK0  000C
?_set_floor                cstackBANK0  000C
?_strlen                   cstackBANK0  000C
__pcstackBANK0             cstackBANK0  000C
cmd@cmd_msg                cstackBANK0  000C
end_of_initialization      cinit        0006
??_button_to_floor         cstackBANK0  000E
??_set_destination         cstackBANK0  0010
??_set_floor               cstackBANK0  0010
?_clr_char                 cstackBANK0  0010
??_clr_char                cstackBANK0  0012
??_moving                  cstackBANK0  0017
??_main                    cstackBANK0  0022
strlen@s                   cstackBANK0  000E
strlen@cp                  cstackBANK0  000F
__ptext363                 text363      0008
_button_direction          text363      0008
clr_char@spaces            cstackBANK0  0010
floor_details@i            cstackBANK0  0015
moving@counter             cstackBANK0  0020
__pbssBANK0                bssBANK0     0023
_floor_call                bssBANK0     0023
_RA0                       (abs)        0028
_RA1                       (abs)        0029
_RA2                       (abs)        002A
__end_of_cabin_call_max    text362      0015
__ptext361                 text361      0015
_cabin_call_min            text361      0015
_RA3                       (abs)        002B
_cabin_call                bssBANK0     002B
_RA4                       (abs)        002C
_button                    bssBANK0     002F
_current_floor             bssBANK0     0031
_destination_floor         bssBANK0     0033
_i                         bssBANK0     0035
_j                         bssBANK0     0037
__S1                       (abs)        0039
btemp                      (abs)        004E
wtemp0                     (abs)        004E
__end_of_cabin_call_min    text361      0032
__ptext359                 text359      0032
_strlen                    text359      0032
_TRISB                     (abs)        0086
__end_of_button_direction  text363      0043
__ptext365                 text365      0043
_button_press              text365      0043
__end_of_strlen            text359      0046
__ptext358                 text358      0046
_cmd                       text358      0046
__end_of_cmd               text358      004F
__ptext355                 text355      004F
_clr_char                  text355      004F
__end_of_clr_char          text355      0070
__ptext354                 text354      0070
_initialize                text354      0070
__end_of_initialize        text354      007D
__pmaintext                maintext     007D
_main                      maintext     007D
__end_of_button_press      text365      0087
__ptext364                 text364      0087
_button_to_floor           text364      0087
__HcstackBANK0             cstackBANK0  0168
__HcstackCOMMON            cstackCOMMON 0168
__LcstackBANK0             cstackBANK0  0168
__LcstackCOMMON            cstackCOMMON 0168
__end_of_main              maintext     00B4
clear_ram                  clrtext      00B4
__HbssBANK0                bssBANK0     0178
__LbssBANK0                bssBANK0     0178
__pstrings                 strings      00BC
__end_of_button_to_floor   text364      00D2
__ptext357                 text357      00D2
_set_floor                 text357      00D2
__end_of_set_floor         text357      011A
__ptext360                 text360      0127
_nearest_call              text360      0127
__end_of_nearest_call      text360      0176
__ptext356                 text356      017D
_set_destination           text356      017D
__end_of_set_destination   text356      01E4
__ptext353                 text353      01F4
_floor_details             text353      01F4
_TRISA0                    (abs)        0428
_TRISA1                    (abs)        0429
_TRISA2                    (abs)        042A
_TRISA3                    (abs)        042B
_TRISA4                    (abs)        042C
__end_of_floor_details     text353      02A5
__ptext352                 text352      02AA
_moving                    text352      02AA
__end_of_moving            text352      03C4
__S0                       (abs)        2008
__Lconfig                  config       2007
__Hconfig                  config       2008
